
> backend@0.1.0 test C:\Users\hqbak\HQ INVESTMENT\backend
> node scripts/setup-test-db.js && jest --config jest.config.ts "--runInBand" "--detectOpenHandles" ";" "echo" "EXITCODE=0"

Setting up test database at postgresql://neondb_owner:npg_7DWQ3SBmiqRl@ep-dark-silence-aqu624gp-pooler.c-8.us-east-1.aws.neon.tech/testdb?sslmode=require&channel_binding=require ...
npm warn config ignoring workspace config at C:\Users\hqbak\HQ INVESTMENT\backend/.npmrc
npm warn Unknown project config "frozen-lockfile". This will stop working in the next major version of npm. See `npm help npmrc` for supported config options.
Loaded Prisma config from prisma.config.ts.

Prisma schema loaded from prisma\schema.prisma.
Datasource "db": PostgreSQL database "testdb", schema "public" at "ep-dark-silence-aqu624gp-pooler.c-8.us-east-1.aws.neon.tech"

Error: P1001: Can't reach database server at `ep-dark-silence-aqu624gp-pooler.c-8.us-east-1.aws.neon.tech:5432`

Please make sure your database server is running at `ep-dark-silence-aqu624gp-pooler.c-8.us-east-1.aws.neon.tech:5432`.
Failed to set up test database: Command failed: npx prisma db push --accept-data-loss
 ELIFECYCLE  Test failed. See above for more details.
