{"data":[{"id":"cmn7wmmlc0000rora0lklg6tq","code":"PXP1BBZD","plan":"masaa 24","router":"halidi","packageType":"HOTSPOT","status":"Unused","createdBy":"mujibu bakari","createdAt":"Invalid Date","usedBy":null,"customer":null},{"id":"cmn7qvnnw000i1wrafgj7hk4i","code":"4511","plan":"masaa 24","router":"halidi","packageType":"HOTSPOT","status":"Unused","createdBy":"Test User","createdAt":"Invalid Date","usedBy":null,"customer":null}],"total":2,"page":1,"limit":50}